// Jest Snapshot v1, https://goo.gl/fbAQLP

exports[`FormDateContainer: Jest Snapshot 1`] = `
<form
  className="form-inline"
  data-id="form-0"
  onSubmit={[Function]}
>
  <div
    className="show-grid row"
  >
    <div
      className="field-col col-xs-12"
    >
      <div>
        <div
          className="nativeDatePicker"
          style={
            Object {
              "display": "block",
            }
          }
        >
          <div
            className="form-group has-feedback"
          >
            <label
              className="field-label"
              htmlFor="field-date-0"
            >
              <span>
                Date:
              </span>
            </label>
            <input
              className="form-control"
              disabled={false}
              id="field-date-0"
              name="inputDate"
              onChange={[Function]}
              placeholder="Date"
              required={true}
              type="date"
              value="2017-02-29"
            />
          </div>
        </div>
        <p
          className="fallbackLabel hide"
          style={
            Object {
              "display": "none",
            }
          }
        >
          Enter Date:
        </p>
        <div
          className="fallbackDatePicker"
          style={
            Object {
              "display": "none",
            }
          }
        >
          <div
            className="form-group"
          >
            <label
              className="control-label"
              htmlFor="field-inputYear-0"
            >
              <span>
                Year
              </span>
            </label>
            <select
              className="form-control"
              disabled={false}
              id="field-inputYear-0"
              name="inputYear"
              onChange={[Function]}
              placeholder="Year"
              required={false}
              type={undefined}
              value={2017}
            >
              <option>
                2000
              </option>
              <option>
                2001
              </option>
              <option>
                2002
              </option>
              <option>
                2003
              </option>
              <option>
                2004
              </option>
              <option>
                2005
              </option>
              <option>
                2006
              </option>
              <option>
                2007
              </option>
              <option>
                2008
              </option>
              <option>
                2009
              </option>
              <option>
                2010
              </option>
              <option>
                2011
              </option>
              <option>
                2012
              </option>
              <option>
                2013
              </option>
              <option>
                2014
              </option>
              <option>
                2015
              </option>
              <option>
                2016
              </option>
              <option>
                2017
              </option>
              <option>
                2018
              </option>
              <option>
                2019
              </option>
              <option>
                2020
              </option>
              <option>
                2021
              </option>
              <option>
                2022
              </option>
              <option>
                2023
              </option>
              <option>
                2024
              </option>
              <option>
                2025
              </option>
              <option>
                2026
              </option>
              <option>
                2027
              </option>
            </select>
          </div>
          <div
            className="form-group"
          >
            <label
              className="control-label"
              htmlFor="field-inputMonth-0"
            >
              <span>
                Month
              </span>
            </label>
            <select
              className="form-control"
              disabled={false}
              id="field-inputMonth-0"
              name="inputMonth"
              onChange={[Function]}
              placeholder="Year"
              required={false}
              type={undefined}
              value="Feb"
            >
              <option>
                Jan
              </option>
              <option>
                Feb
              </option>
              <option>
                Mar
              </option>
              <option>
                Apr
              </option>
              <option>
                May
              </option>
              <option>
                Jun
              </option>
              <option>
                Jul
              </option>
              <option>
                Aug
              </option>
              <option>
                Sep
              </option>
              <option>
                Oct
              </option>
              <option>
                Nov
              </option>
              <option>
                Dec
              </option>
            </select>
          </div>
          <div
            className="form-group"
          >
            <label
              className="control-label"
              htmlFor="field-inputDay-0"
            >
              <span>
                Day
              </span>
            </label>
            <select
              className="form-control"
              disabled={false}
              id="field-inputDay-0"
              name="inputDay"
              onChange={[Function]}
              placeholder="Year"
              required={false}
              type={undefined}
              value={29}
            >
              <option>
                1
              </option>
              <option>
                2
              </option>
              <option>
                3
              </option>
              <option>
                4
              </option>
              <option>
                5
              </option>
              <option>
                6
              </option>
              <option>
                7
              </option>
              <option>
                8
              </option>
              <option>
                9
              </option>
              <option>
                10
              </option>
              <option>
                11
              </option>
              <option>
                12
              </option>
              <option>
                13
              </option>
              <option>
                14
              </option>
              <option>
                15
              </option>
              <option>
                16
              </option>
              <option>
                17
              </option>
              <option>
                18
              </option>
              <option>
                19
              </option>
              <option>
                20
              </option>
              <option>
                21
              </option>
              <option>
                22
              </option>
              <option>
                23
              </option>
              <option>
                24
              </option>
              <option>
                25
              </option>
              <option>
                26
              </option>
              <option>
                27
              </option>
              <option>
                28
              </option>
            </select>
          </div>
        </div>
      </div>
      <div
        className="entry-buttons"
      >
        <button
          className="btn btn-primary btn btn-default"
          disabled={false}
          type="submit"
        >
          Submit Form
        </button>
        <button
          className="btn btn-default btn btn-default"
          disabled={false}
          onClick={[Function]}
          type="button"
        >
          Reset Form
        </button>
      </div>
    </div>
  </div>
</form>
`;
